{
  "annotations": {
    "destructiveHint": false,
    "openWorldHint": true,
    "title": "Update Issue Type"
  },
  "description": "Update the type of an existing issue (e.g. 'bug', 'feature').",
  "inputSchema": {
    "properties": {
      "is_suggestion": {
        "description": "If true, propose the issue type change instead of applying it. Defaults to false, which applies the change to the issue.",
        "type": "boolean"
      },
      "issue_number": {
        "description": "The issue number to update",
        "minimum": 1,
        "type": "number"
      },
      "issue_type": {
        "description": "The issue type to set",
        "type": "string"
      },
      "owner": {
        "description": "Repository owner (username or organization)",
        "type": "string"
      },
      "rationale": {
        "description": "One concise sentence explaining what specifically about the issue led you to choose this type. State the concrete signal (e.g. 'Reports a crash when saving' → bug, 'Asks for dark mode support' → feature).",
        "maxLength": 280,
        "type": "string"
      },
      "repo": {
        "description": "Repository name",
        "type": "string"
      }
    },
    "required": [
      "owner",
      "repo",
      "issue_number",
      "issue_type"
    ],
    "type": "object"
  },
  "name": "update_issue_type"
}